{
  "rows": [
    {
      "xmax": 0.6,
      "sampling_x": [
        0.09823441352194251,
        0.1547578754054216,
        0.19557607215607947,
        0.229237867726953,
        0.2585536694769579,
        0.2848683906648823,
        0.30894983411550814,
        0.3312853754695489,
        0.35220732530712645,
        0.3719542982679458,
        0.390704491911726,
        0.4085951541562871,
        0.42573465914816,
        0.4422103571830945,
        0.4580938768418543,
        0.4734448225506326,
        0.48831342393999366,
        0.5027424788099768,
        0.5167688071081691,
        0.5304243584150335,
        0.5437370688117558,
        0.5567315331468121,
        0.5694295391003175,
        0.5818504962617115,
        0.5940117843948889
      ],
      "predicted_profiled_residual_sigma": 0.09374695803489054,
      "reported_profiled_residual_sigma": 0.093,
      "abs_rounding_difference": 0.0007469580348905408
    },
    {
      "xmax": 0.7,
      "sampling_x": [
        0.11067971810589328,
        0.17818529681205458,
        0.2263846284534354,
        0.2659887215654077,
        0.300416377715996,
        0.3312853754695489,
        0.35951356024495096,
        0.3856812155135378,
        0.4101828860398737,
        0.43330128086586583,
        0.45524718560360145,
        0.47618273803236505,
        0.49623583103198016,
        0.5155094567512801,
        0.5340880077290633,
        0.5520416650942209,
        0.5694295391003175,
        0.5863019699779286,
        0.6027022482121666,
        0.6186679238492974,
        0.6342318188170631,
        0.6494228206646268,
        0.6642665127793211,
        0.6787856804618082,
        0.6930007215003459
      ],
      "predicted_profiled_residual_sigma": 0.21059266260414491,
      "reported_profiled_residual_sigma": 0.21,
      "abs_rounding_difference": 0.0005926626041449223
    },
    {
      "xmax": 0.8,
      "sampling_x": [
        0.12349089035228471,
        0.20186629238186352,
        0.25739075352467505,
        0.30290262461721923,
        0.3424178733652787,
        0.37782270974625126,
        0.41018288603987374,
        0.4401704215414753,
        0.4682413907377263,
        0.49472214423856153,
        0.5198557492228013,
        0.5438290172471493,
        0.5667892024377318,
        0.5888548208174916,
        0.6101229384312641,
        0.6306742423787419,
        0.6505766672729665,
        0.6698880503487132,
        0.6886581154680457,
        0.706929982388638,
        0.7247413331665306,
        0.7421253263431993,
        0.7591113225344489,
        0.77572546690179,
        0.7919911615668448
      ],
      "predicted_profiled_residual_sigma": 0.39435047936425693,
      "reported_profiled_residual_sigma": 0.394,
      "abs_rounding_difference": 0.00035047936425691706
    },
    {
      "xmax": 0.85,
      "sampling_x": [
        0.13,
        0.2137755832643195,
        0.2729468812791236,
        0.32140317359976395,
        0.363455636907725,
        0.40112342240263155,
        0.43554563480765135,
        0.4674398357008097,
        0.49729267036625424,
        0.525452186216786,
        0.5521775076911409,
        0.5776677245614472,
        0.6020797289396148,
        0.6255397669213365,
        0.6481512169239521,
        0.6699999999999999,
        0.6911584478250989,
        0.7116881339463234,
        0.7316419889536138,
        0.7510659092250159,
        0.7699999999999999,
        0.7884795495128583,
        0.8065358020571685,
        0.8241965784932621,
        0.841486779456457
      ],
      "predicted_profiled_residual_sigma": 0.49983103734864787,
      "reported_profiled_residual_sigma": 0.5,
      "abs_rounding_difference": 0.00016896265135213362
    },
    {
      "xmax": 0.9,
      "sampling_x": [
        0.13656500283747663,
        0.22572106680591425,
        0.2885307609250702,
        0.3399264626356707,
        0.3845126785946076,
        0.42444080859408423,
        0.46092298705966056,
        0.4947221442385615,
        0.5263553932468062,
        0.556192412749401,
        0.5845083404024275,
        0.6115145133191853,
        0.6373774391990982,
        0.6622310774948577,
        0.6861851062213461,
        0.7093306704210667,
        0.7317444909256237,
        0.753491871223572,
        0.7746289434303368,
        0.7952043762455033,
        0.8152606945020715,
        0.8348353131007337,
        0.8539613574395507,
        0.8726683218726344,
        0.8909826036461094
      ],
      "predicted_profiled_residual_sigma": 0.5728473400539275,
      "reported_profiled_residual_sigma": 0.573,
      "abs_rounding_difference": 0.00015265994607249755
    },
    {
      "xmax": 0.95,
      "sampling_x": [
        0.14317821063276354,
        0.23769728648009425,
        0.304138126514911,
        0.3584689665786985,
        0.40558599581346494,
        0.44777226354476224,
        0.48631265663151313,
        0.5220153254455275,
        0.5554277630799527,
        0.5869412236331676,
        0.6168468205316454,
        0.6453681120105021,
        0.6726812023536856,
        0.6989277502002621,
        0.7242237223399962,
        0.7486654793697917,
        0.7723341245859852,
        0.7952986860293433,
        0.817618492941543,
        0.8393449827097318,
        0.8605230967266363,
        0.8811923740024081,
        0.9013878188659973,
        0.9211405973031478,
        0.9404786015641184
      ],
      "predicted_profiled_residual_sigma": 0.6434570425776484,
      "reported_profiled_residual_sigma": 0.643,
      "abs_rounding_difference": 0.00045704257764833667
    }
  ],
  "max_abs_rounding_difference": 0.0007469580348905408,
  "note": "Differences reflect rounding of the published norms and angles."
}
